Archive member included to satisfy reference by file (symbol)

lib/orangescrt.a(printf.o)    kernel/main.o (printf)
lib/orangescrt.a(vsprintf.o)  kernel/main.o (vsprintf)
lib/orangescrt.a(string.o)    kernel/start.o (memcpy)
lib/orangescrt.a(misc.o)      kernel/main.o (send_recv)
lib/orangescrt.a(open.o)      kernel/main.o (open)
lib/orangescrt.a(read.o)      kernel/main.o (read)
lib/orangescrt.a(write.o)     kernel/main.o (write)
lib/orangescrt.a(close.o)     kernel/main.o (close)
lib/orangescrt.a(getpid.o)    fs/disklog.o (getpid)
lib/orangescrt.a(stat.o)      mm/exec.o (stat)
lib/orangescrt.a(fork.o)      kernel/main.o (fork)
lib/orangescrt.a(wait.o)      kernel/main.o (wait)
lib/orangescrt.a(exec.o)      kernel/main.o (execv)
lib/orangescrt.a(syscall.o)   lib/orangescrt.a(misc.o) (sendrec)

Allocating common symbols
Common symbol       size              file

idt_ptr             0x6               kernel/global.o
inode_table         0xb00             kernel/global.o
task_stack          0x24000           kernel/global.o
k_reenter           0x4               kernel/global.o
gdt                 0x400             kernel/global.o
current_console     0x4               kernel/global.o
pcaller             0x4               kernel/global.o
tty_table           0xc6c             kernel/global.o
tss                 0x68              kernel/global.o
fs_msg              0x30              kernel/global.o
memory_size         0x4               kernel/global.o
f_desc_table        0x400             kernel/global.o
root_inode          0x4               kernel/global.o
disp_pos            0x4               kernel/global.o
mm_msg              0x30              kernel/global.o
key_pressed         0x4               kernel/global.o
gdt_ptr             0x6               kernel/global.o
idt                 0x800             kernel/global.o
super_block         0x1e0             kernel/global.o
PARTITION_ENTRY     0x10              kernel/hd.o
ticks               0x4               kernel/global.o
console_table       0x3c              kernel/global.o
irq_table           0x40              kernel/global.o
p_proc_ready        0x4               kernel/global.o
proc_table          0x3c20            kernel/global.o

Discarded input sections

 .note.GNU-stack
                0x0000000000000000        0x0 kernel/start.o
 .note.GNU-stack
                0x0000000000000000        0x0 kernel/main.o
 .note.GNU-stack
                0x0000000000000000        0x0 kernel/clock.o
 .note.GNU-stack
                0x0000000000000000        0x0 kernel/keyboard.o
 .note.GNU-stack
                0x0000000000000000        0x0 kernel/tty.o
 .note.GNU-stack
                0x0000000000000000        0x0 kernel/console.o
 .note.GNU-stack
                0x0000000000000000        0x0 kernel/i8259.o
 .note.GNU-stack
                0x0000000000000000        0x0 kernel/global.o
 .note.GNU-stack
                0x0000000000000000        0x0 kernel/protect.o
 .note.GNU-stack
                0x0000000000000000        0x0 kernel/proc.o
 .note.GNU-stack
                0x0000000000000000        0x0 kernel/systask.o
 .note.GNU-stack
                0x0000000000000000        0x0 kernel/hd.o
 .note.GNU-stack
                0x0000000000000000        0x0 kernel/klib.o
 .note.GNU-stack
                0x0000000000000000        0x0 lib/syslog.o
 .note.GNU-stack
                0x0000000000000000        0x0 mm/main.o
 .note.GNU-stack
                0x0000000000000000        0x0 mm/forkexit.o
 .note.GNU-stack
                0x0000000000000000        0x0 mm/exec.o
 .note.GNU-stack
                0x0000000000000000        0x0 fs/main.o
 .note.GNU-stack
                0x0000000000000000        0x0 fs/open.o
 .note.GNU-stack
                0x0000000000000000        0x0 fs/misc.o
 .note.GNU-stack
                0x0000000000000000        0x0 fs/read_write.o
 .note.GNU-stack
                0x0000000000000000        0x0 fs/link.o
 .note.GNU-stack
                0x0000000000000000        0x0 fs/disklog.o
 .note.GNU-stack
                0x0000000000000000        0x0 lib/orangescrt.a(printf.o)
 .note.GNU-stack
                0x0000000000000000        0x0 lib/orangescrt.a(vsprintf.o)
 .note.GNU-stack
                0x0000000000000000        0x0 lib/orangescrt.a(misc.o)
 .note.GNU-stack
                0x0000000000000000        0x0 lib/orangescrt.a(open.o)
 .note.GNU-stack
                0x0000000000000000        0x0 lib/orangescrt.a(read.o)
 .note.GNU-stack
                0x0000000000000000        0x0 lib/orangescrt.a(write.o)
 .note.GNU-stack
                0x0000000000000000        0x0 lib/orangescrt.a(close.o)
 .note.GNU-stack
                0x0000000000000000        0x0 lib/orangescrt.a(getpid.o)
 .note.GNU-stack
                0x0000000000000000        0x0 lib/orangescrt.a(stat.o)
 .note.GNU-stack
                0x0000000000000000        0x0 lib/orangescrt.a(fork.o)
 .note.GNU-stack
                0x0000000000000000        0x0 lib/orangescrt.a(wait.o)
 .note.GNU-stack
                0x0000000000000000        0x0 lib/orangescrt.a(exec.o)

Memory Configuration

Name             Origin             Length             Attributes
*default*        0x0000000000000000 0xffffffffffffffff

Linker script and memory map

Address of section .text set to 0x1000
LOAD kernel/kernel.o
LOAD kernel/start.o
LOAD kernel/main.o
LOAD kernel/clock.o
LOAD kernel/keyboard.o
LOAD kernel/tty.o
LOAD kernel/console.o
LOAD kernel/i8259.o
LOAD kernel/global.o
LOAD kernel/protect.o
LOAD kernel/proc.o
LOAD kernel/systask.o
LOAD kernel/hd.o
LOAD kernel/kliba.o
LOAD kernel/klib.o
LOAD lib/syslog.o
LOAD mm/main.o
LOAD mm/forkexit.o
LOAD mm/exec.o
LOAD fs/main.o
LOAD fs/open.o
LOAD fs/misc.o
LOAD fs/read_write.o
LOAD fs/link.o
LOAD fs/disklog.o
LOAD lib/orangescrt.a
                0x0000000008048000                PROVIDE (__executable_start, 0x8048000)
                0x0000000008048094                . = (0x8048000 + SIZEOF_HEADERS)

.interp
 *(.interp)

.note.gnu.build-id
 *(.note.gnu.build-id)

.hash
 *(.hash)

.gnu.hash
 *(.gnu.hash)

.dynsym
 *(.dynsym)

.dynstr
 *(.dynstr)

.gnu.version
 *(.gnu.version)

.gnu.version_d
 *(.gnu.version_d)

.gnu.version_r
 *(.gnu.version_r)

.rel.dyn        0x0000000008048094        0x0
 *(.rel.init)
 *(.rel.text .rel.text.* .rel.gnu.linkonce.t.*)
 .rel.text      0x0000000000000000        0x0 kernel/kernel.o
 *(.rel.fini)
 *(.rel.rodata .rel.rodata.* .rel.gnu.linkonce.r.*)
 *(.rel.data.rel.ro .rel.data.rel.ro.* .rel.gnu.linkonce.d.rel.ro.*)
 *(.rel.data .rel.data.* .rel.gnu.linkonce.d.*)
 .rel.data      0x0000000000000000        0x0 kernel/kernel.o
 *(.rel.tdata .rel.tdata.* .rel.gnu.linkonce.td.*)
 *(.rel.tbss .rel.tbss.* .rel.gnu.linkonce.tb.*)
 *(.rel.ctors)
 *(.rel.dtors)
 *(.rel.got)
 *(.rel.bss .rel.bss.* .rel.gnu.linkonce.b.*)
 *(.rel.ifunc)

.rel.plt        0x0000000008048094        0x0
 *(.rel.plt)
                0x0000000008048094                PROVIDE (__rel_iplt_start, .)
 *(.rel.iplt)
 .rel.iplt      0x0000000000000000        0x0 kernel/kernel.o
                0x0000000008048094                PROVIDE (__rel_iplt_end, .)

.init
 *(SORT(.init))

.plt            0x00000000080480a0        0x0
 *(.plt)
 *(.iplt)
 .iplt          0x0000000000000000        0x0 kernel/kernel.o

.text           0x0000000000001000     0xd328
 *(.text.unlikely .text.*_unlikely .text.unlikely.*)
 *(.text.exit .text.exit.*)
 *(.text.startup .text.startup.*)
 *(.text.hot .text.hot.*)
 *(.text .stub .text.* .gnu.linkonce.t.*)
 .text          0x0000000000001000      0x410 kernel/kernel.o
                0x0000000000001000                _start
                0x0000000000001040                hwint00
                0x0000000000001070                hwint01
                0x00000000000010a0                hwint02
                0x00000000000010d0                hwint03
                0x0000000000001100                hwint04
                0x0000000000001130                hwint05
                0x0000000000001160                hwint06
                0x0000000000001190                hwint07
                0x00000000000011c0                hwint08
                0x00000000000011f0                hwint09
                0x0000000000001220                hwint10
                0x0000000000001250                hwint11
                0x0000000000001280                hwint12
                0x00000000000012b0                hwint13
                0x00000000000012e0                hwint14
                0x0000000000001310                hwint15
                0x0000000000001334                divide_error
                0x000000000000133a                single_step_exception
                0x0000000000001340                nmi
                0x0000000000001346                breakpoint_exception
                0x000000000000134c                overflow
                0x0000000000001352                bounds_check
                0x0000000000001358                inval_opcode
                0x000000000000135e                copr_not_available
                0x0000000000001364                double_fault
                0x0000000000001368                copr_seg_overrun
                0x000000000000136e                inval_tss
                0x0000000000001372                segment_not_present
                0x0000000000001376                stack_exception
                0x000000000000137a                general_protection
                0x000000000000137e                page_fault
                0x0000000000001382                copr_error
                0x00000000000013cb                sys_call
                0x00000000000013eb                restart
 .text          0x0000000000001410       0x8e kernel/start.o
                0x0000000000001410                cstart
 .text          0x000000000000149e      0xf9a kernel/main.o
                0x000000000000149e                kernel_main
                0x00000000000017ea                get_ticks
                0x0000000000001822                get_time_RTC
                0x000000000000187d                untar
                0x0000000000001c82                clear
                0x0000000000001d74                Init
                0x0000000000001ede                TestA
                0x0000000000001ee3                TestB
                0x0000000000001ee8                TestC
                0x0000000000001eed                panic
 .text          0x0000000000002438      0x17a kernel/clock.o
                0x0000000000002438                clock_handler
                0x0000000000002515                milli_delay
                0x000000000000254e                init_clock
 .text          0x00000000000025b2      0x6cf kernel/keyboard.o
                0x00000000000025b2                keyboard_handler
                0x0000000000002618                init_keyboard
                0x00000000000026c7                keyboard_read
 .text          0x0000000000002c81      0xa4f kernel/tty.o
                0x0000000000002c81                task_tty
                0x0000000000002e76                in_process
                0x00000000000033d7                sys_printx
                0x0000000000003579                dump_tty_buf
 .text          0x00000000000036d0      0x7e1 kernel/console.o
                0x00000000000036d0                init_screen
                0x0000000000003841                out_char
                0x0000000000003afe                clear_screen
                0x0000000000003b37                is_current_console
                0x0000000000003c2c                select_console
                0x0000000000003c67                scroll_screen
 .text          0x0000000000003eb1      0x13c kernel/i8259.o
                0x0000000000003eb1                init_8259A
                0x0000000000003fa2                spurious_irq
                0x0000000000003fcd                put_irq_handler
 .text          0x0000000000003fed        0x0 kernel/global.o
 .text          0x0000000000003fed      0x842 kernel/protect.o
                0x0000000000003fed                init_prot
                0x0000000000004647                seg2linear
                0x0000000000004696                init_desc
                0x0000000000004702                exception_handler
 .text          0x000000000000482f     0x1907 kernel/proc.o
                0x000000000000482f                schedule
                0x00000000000048ba                sys_sendrec
                0x0000000000004a19                ldt_seg_linear
                0x0000000000004a63                va2la
                0x0000000000004ad2                reset_msg
                0x0000000000005adb                inform_int
                0x0000000000005c89                dump_proc
                0x0000000000005fef                dump_msg
 .text          0x0000000000006136      0x2cf kernel/systask.o
                0x0000000000006136                task_sys
 .text          0x0000000000006405      0xe9e kernel/hd.o
                0x0000000000006405                task_hd
                0x000000000000727e                hd_handler
 *fill*         0x00000000000072a3        0xd 
 .text          0x00000000000072b0      0x19a kernel/kliba.o
                0x00000000000072b0                disp_str
                0x00000000000072ee                disp_color_str
                0x000000000000732d                out_byte
                0x0000000000007339                in_byte
                0x0000000000007343                port_read
                0x0000000000007356                port_write
                0x0000000000007369                disable_irq
                0x000000000000739e                enable_irq
                0x00000000000073bd                disable_int
                0x00000000000073bf                enable_int
                0x00000000000073c1                glitter
 .text          0x000000000000744a      0x2d2 kernel/klib.o
                0x000000000000744a                get_boot_params
                0x00000000000074ea                get_kernel_map
                0x0000000000007606                itoa
                0x00000000000076b1                disp_int
                0x00000000000076d6                delay
 .text          0x000000000000771c       0x75 lib/syslog.o
                0x000000000000771c                syslog
 .text          0x0000000000007791      0x1d9 mm/main.o
                0x0000000000007791                task_mm
                0x00000000000078d7                alloc_mem
                0x0000000000007960                free_mem
 .text          0x000000000000796a      0x620 mm/forkexit.o
                0x000000000000796a                do_fork
                0x0000000000007d06                do_exit
                0x0000000000007ed1                do_wait
 .text          0x0000000000007f8a      0x392 mm/exec.o
                0x0000000000007f8a                do_exec
 .text          0x000000000000831c     0x13cb fs/main.o
                0x000000000000831c                task_fs
                0x0000000000008efc                rw_sector
                0x0000000000009136                get_super_block
                0x000000000000917c                get_inode
                0x00000000000092ea                put_inode
                0x000000000000932f                sync_inode
                0x0000000000009556                fs_list
 .text          0x00000000000096e7      0xb54 fs/open.o
                0x00000000000096e7                do_open
                0x0000000000009b74                do_close
                0x0000000000009be7                do_lseek
 .text          0x000000000000a23b      0x56f fs/misc.o
                0x000000000000a23b                do_stat
                0x000000000000a42c                search_file
                0x000000000000a5a5                list_file
                0x000000000000a71e                strip_path
 .text          0x000000000000a7aa      0x519 fs/read_write.o
                0x000000000000a7aa                do_rdwt
 .text          0x000000000000acc3      0x8f6 fs/link.o
                0x000000000000acc3                do_unlink
 .text          0x000000000000b5b9     0x2143 fs/disklog.o
                0x000000000000b5b9                disklog
                0x000000000000bbff                dump_fd_graph
 .text          0x000000000000d6fc       0xc0 lib/orangescrt.a(printf.o)
                0x000000000000d6fc                printf
                0x000000000000d77b                printl
 .text          0x000000000000d7bc      0x318 lib/orangescrt.a(vsprintf.o)
                0x000000000000d81f                vsprintf
                0x000000000000daaa                sprintf
 *fill*         0x000000000000dad4        0xc 
 .text          0x000000000000dae0       0x78 lib/orangescrt.a(string.o)
                0x000000000000dae0                memcpy
                0x000000000000db09                memset
                0x000000000000db2a                strcpy
                0x000000000000db42                strlen
 .text          0x000000000000db58      0x288 lib/orangescrt.a(misc.o)
                0x000000000000db58                send_recv
                0x000000000000dc38                memcmp
                0x000000000000dcae                strcmp
                0x000000000000dd20                strcat
                0x000000000000dd7f                spin
                0x000000000000dd9a                assertion_failure
 .text          0x000000000000dde0       0x73 lib/orangescrt.a(open.o)
                0x000000000000dde0                open
 .text          0x000000000000de53       0x3f lib/orangescrt.a(read.o)
                0x000000000000de53                read
 .text          0x000000000000de92       0x3f lib/orangescrt.a(write.o)
                0x000000000000de92                write
 .text          0x000000000000ded1       0x33 lib/orangescrt.a(close.o)
                0x000000000000ded1                close
 .text          0x000000000000df04       0x59 lib/orangescrt.a(getpid.o)
                0x000000000000df04                getpid
 .text          0x000000000000df5d       0x73 lib/orangescrt.a(stat.o)
                0x000000000000df5d                stat
 .text          0x000000000000dfd0       0x84 lib/orangescrt.a(fork.o)
                0x000000000000dfd0                fork
 .text          0x000000000000e054       0x44 lib/orangescrt.a(wait.o)
                0x000000000000e054                wait
 .text          0x000000000000e098      0x263 lib/orangescrt.a(exec.o)
                0x000000000000e098                exec
                0x000000000000e113                execl
                0x000000000000e139                execv
 *fill*         0x000000000000e2fb        0x5 
 .text          0x000000000000e300       0x28 lib/orangescrt.a(syscall.o)
                0x000000000000e300                sendrec
                0x000000000000e31a                printx
 *(.gnu.warning)

.fini
 *(SORT(.fini))
                0x000000000000e328                PROVIDE (__etext, .)
                0x000000000000e328                PROVIDE (_etext, .)
                0x000000000000e328                PROVIDE (etext, .)

.rodata         0x000000000000e340     0x2ff7
 *(.rodata .rodata.* .gnu.linkonce.r.*)
 .rodata        0x000000000000e340       0x47 kernel/start.o
 *fill*         0x000000000000e387        0x1 
 .rodata        0x000000000000e388      0xbd1 kernel/main.o
 *fill*         0x000000000000ef59        0x3 
 .rodata        0x000000000000ef5c       0x64 kernel/keyboard.o
 .rodata        0x000000000000efc0      0x168 kernel/tty.o
 .rodata        0x000000000000f128       0x5b kernel/console.o
 .rodata        0x000000000000f183       0x11 kernel/i8259.o
 .rodata        0x000000000000f194       0x10 kernel/global.o
                0x000000000000f194                FSBUF_SIZE
                0x000000000000f198                MMBUF_SIZE
                0x000000000000f19c                LOGBUF_SIZE
                0x000000000000f1a0                LOGDISKBUF_SIZE
 *fill*         0x000000000000f1a4       0x1c 
 .rodata        0x000000000000f1c0      0x580 kernel/protect.o
 .rodata        0x000000000000f740      0x5da kernel/proc.o
 .rodata        0x000000000000fd1a       0x11 kernel/systask.o
 *fill*         0x000000000000fd2b        0x1 
 .rodata        0x000000000000fd2c      0x1df kernel/hd.o
 *fill*         0x000000000000ff0b        0x1 
 .rodata        0x000000000000ff0c       0x6a kernel/klib.o
 .rodata        0x000000000000ff76       0x1e lib/syslog.o
 .rodata        0x000000000000ff94       0xb1 mm/main.o
 *fill*         0x0000000000010045        0x3 
 .rodata        0x0000000000010048       0xe7 mm/forkexit.o
 *fill*         0x000000000001012f        0x1 
 .rodata        0x0000000000010130       0xa4 mm/exec.o
 .rodata        0x00000000000101d4      0x2c4 fs/main.o
 .rodata        0x0000000000010498      0x13c fs/open.o
 .rodata        0x00000000000105d4       0x60 fs/misc.o
 .rodata        0x0000000000010634      0x164 fs/read_write.o
 .rodata        0x0000000000010798      0x1ad fs/link.o
 *fill*         0x0000000000010945        0x3 
 .rodata        0x0000000000010948      0x806 fs/disklog.o
 .rodata        0x000000000001114e       0x14 lib/orangescrt.a(printf.o)
 *fill*         0x0000000000011162        0x2 
 .rodata        0x0000000000011164       0xad lib/orangescrt.a(misc.o)
 .rodata        0x0000000000011211       0x23 lib/orangescrt.a(open.o)
 .rodata        0x0000000000011234       0x25 lib/orangescrt.a(getpid.o)
 .rodata        0x0000000000011259       0x23 lib/orangescrt.a(stat.o)
 .rodata        0x000000000001127c       0x33 lib/orangescrt.a(fork.o)
 *fill*         0x00000000000112af        0x1 
 .rodata        0x00000000000112b0       0x87 lib/orangescrt.a(exec.o)

.rodata1
 *(.rodata1)

.eh_frame_hdr
 *(.eh_frame_hdr)

.eh_frame       0x0000000000011338     0x1480
 *(.eh_frame)
 .eh_frame      0x0000000000011338       0x38 kernel/start.o
 .eh_frame      0x0000000000011370      0x274 kernel/main.o
                                        0x28c (size before relaxing)
 .eh_frame      0x00000000000115e4       0x60 kernel/clock.o
                                         0x78 (size before relaxing)
 .eh_frame      0x0000000000011644       0xe0 kernel/keyboard.o
                                         0xf8 (size before relaxing)
 .eh_frame      0x0000000000011724      0x13c kernel/tty.o
                                        0x154 (size before relaxing)
 .eh_frame      0x0000000000011860      0x148 kernel/console.o
                                        0x160 (size before relaxing)
 .eh_frame      0x00000000000119a8       0x60 kernel/i8259.o
                                         0x78 (size before relaxing)
 .eh_frame      0x0000000000011a08       0xb0 kernel/protect.o
                                         0xc8 (size before relaxing)
 .eh_frame      0x0000000000011ab8      0x1c0 kernel/proc.o
                                        0x1d8 (size before relaxing)
 .eh_frame      0x0000000000011c78       0x5c kernel/systask.o
                                         0x74 (size before relaxing)
 .eh_frame      0x0000000000011cd4      0x210 kernel/hd.o
                                        0x228 (size before relaxing)
 .eh_frame      0x0000000000011ee4       0xa0 kernel/klib.o
                                         0xb8 (size before relaxing)
 .eh_frame      0x0000000000011f84       0x20 lib/syslog.o
                                         0x38 (size before relaxing)
 .eh_frame      0x0000000000011fa4       0x7c mm/main.o
                                         0x94 (size before relaxing)
 .eh_frame      0x0000000000012020       0x90 mm/forkexit.o
                                         0xa8 (size before relaxing)
 .eh_frame      0x00000000000120b0       0x2c mm/exec.o
                                         0x44 (size before relaxing)
 .eh_frame      0x00000000000120dc      0x1a0 fs/main.o
                                        0x1b8 (size before relaxing)
 .eh_frame      0x000000000001227c      0x128 fs/open.o
                                        0x140 (size before relaxing)
 .eh_frame      0x00000000000123a4       0x98 fs/misc.o
                                         0xb0 (size before relaxing)
 .eh_frame      0x000000000001243c       0x2c fs/read_write.o
                                         0x44 (size before relaxing)
 .eh_frame      0x0000000000012468       0x2c fs/link.o
                                         0x44 (size before relaxing)
 .eh_frame      0x0000000000012494       0x60 fs/disklog.o
                                         0x78 (size before relaxing)
 .eh_frame      0x00000000000124f4       0x40 lib/orangescrt.a(printf.o)
                                         0x58 (size before relaxing)
 .eh_frame      0x0000000000012534       0x68 lib/orangescrt.a(vsprintf.o)
                                         0x80 (size before relaxing)
 .eh_frame      0x000000000001259c       0xbc lib/orangescrt.a(misc.o)
                                         0xd4 (size before relaxing)
 .eh_frame      0x0000000000012658       0x20 lib/orangescrt.a(open.o)
                                         0x38 (size before relaxing)
 .eh_frame      0x0000000000012678       0x20 lib/orangescrt.a(read.o)
                                         0x38 (size before relaxing)
 .eh_frame      0x0000000000012698       0x20 lib/orangescrt.a(write.o)
                                         0x38 (size before relaxing)
 .eh_frame      0x00000000000126b8       0x20 lib/orangescrt.a(close.o)
                                         0x38 (size before relaxing)
 .eh_frame      0x00000000000126d8       0x20 lib/orangescrt.a(getpid.o)
                                         0x38 (size before relaxing)
 .eh_frame      0x00000000000126f8       0x20 lib/orangescrt.a(stat.o)
                                         0x38 (size before relaxing)
 .eh_frame      0x0000000000012718       0x20 lib/orangescrt.a(fork.o)
                                         0x38 (size before relaxing)
 .eh_frame      0x0000000000012738       0x20 lib/orangescrt.a(wait.o)
                                         0x38 (size before relaxing)
 .eh_frame      0x0000000000012758       0x60 lib/orangescrt.a(exec.o)
                                         0x78 (size before relaxing)

.gcc_except_table
 *(.gcc_except_table .gcc_except_table.*)

.exception_ranges
 *(.exception_ranges .exception_ranges*)
                0x00000000000127b8                . = (ALIGN (0x1000) - ((0x1000 - .) & 0xfff))
                0x00000000000137b8                . = DATA_SEGMENT_ALIGN (0x1000, 0x1000)

.eh_frame
 *(.eh_frame)

.gcc_except_table
 *(.gcc_except_table .gcc_except_table.*)

.exception_ranges
 *(.exception_ranges .exception_ranges*)

.tdata
 *(.tdata .tdata.* .gnu.linkonce.td.*)

.tbss
 *(.tbss .tbss.* .gnu.linkonce.tb.*)
 *(.tcommon)

.preinit_array  0x00000000000137b8        0x0
                0x00000000000137b8                PROVIDE (__preinit_array_start, .)
 *(.preinit_array)
                0x00000000000137b8                PROVIDE (__preinit_array_end, .)

.init_array     0x00000000000137b8        0x0
                0x00000000000137b8                PROVIDE (__init_array_start, .)
 *(SORT(.init_array.*) SORT(.ctors.*))
 *(.init_array EXCLUDE_FILE(*crtend?.o *crtend.o *crtbegin?.o *crtbegin.o) .ctors)
                0x00000000000137b8                PROVIDE (__init_array_end, .)

.fini_array     0x00000000000137b8        0x0
                0x00000000000137b8                PROVIDE (__fini_array_start, .)
 *(SORT(.fini_array.*) SORT(.dtors.*))
 *(.fini_array EXCLUDE_FILE(*crtend?.o *crtend.o *crtbegin?.o *crtbegin.o) .dtors)
                0x00000000000137b8                PROVIDE (__fini_array_end, .)

.ctors
 *crtbegin.o(.ctors)
 *crtbegin?.o(.ctors)
 *(EXCLUDE_FILE(*crtend?.o *crtend.o) .ctors)
 *(SORT(.ctors.*))
 *(.ctors)

.dtors
 *crtbegin.o(.dtors)
 *crtbegin?.o(.dtors)
 *(EXCLUDE_FILE(*crtend?.o *crtend.o) .dtors)
 *(SORT(.dtors.*))
 *(.dtors)

.jcr
 *(.jcr)

.data.rel.ro
 *(.data.rel.ro.local* .gnu.linkonce.d.rel.ro.local.*)
 *(.data.rel.ro .data.rel.ro.* .gnu.linkonce.d.rel.ro.*)

.dynamic
 *(.dynamic)

.got
 *(.got)
 *(.igot)
                0x00000000000137b8                . = DATA_SEGMENT_RELRO_END (., (SIZEOF (.got.plt) >= 0xc)?0xc:0x0)

.got.plt        0x00000000000137b8        0x0
 *(.got.plt)
 *(.igot.plt)
 .igot.plt      0x0000000000000000        0x0 kernel/kernel.o

.data           0x00000000000137c0      0x814
 *(.data .data.* .gnu.linkonce.d.*)
 .data          0x00000000000137c0        0x2 kernel/kernel.o
 .data          0x00000000000137c2        0x0 kernel/start.o
 .data          0x00000000000137c2        0x0 kernel/main.o
 .data          0x00000000000137c2        0x0 kernel/clock.o
 *fill*         0x00000000000137c2       0x1e 
 .data          0x00000000000137e0      0x600 kernel/keyboard.o
                0x00000000000137e0                keymap
 .data          0x0000000000013de0       0x22 kernel/tty.o
 .data          0x0000000000013e02        0x0 kernel/console.o
 .data          0x0000000000013e02        0x0 kernel/i8259.o
 *fill*         0x0000000000013e02       0x1e 
 .data          0x0000000000013e20      0x1b4 kernel/global.o
                0x0000000000013e20                task_table
                0x0000000000013f00                user_proc_table
                0x0000000000013fa0                sys_call_table
                0x0000000000013fac                dd_map
                0x0000000000013fc4                fsbuf
                0x0000000000013fc8                mmbuf
                0x0000000000013fcc                logbuf
                0x0000000000013fd0                logdiskbuf
 .data          0x0000000000013fd4        0x0 kernel/protect.o
 .data          0x0000000000013fd4        0x0 kernel/proc.o
 .data          0x0000000000013fd4        0x0 kernel/systask.o
 .data          0x0000000000013fd4        0x0 kernel/hd.o
 .data          0x0000000000013fd4        0x0 kernel/klib.o
 .data          0x0000000000013fd4        0x0 lib/syslog.o
 .data          0x0000000000013fd4        0x0 mm/main.o
 .data          0x0000000000013fd4        0x0 mm/forkexit.o
 .data          0x0000000000013fd4        0x0 mm/exec.o
 .data          0x0000000000013fd4        0x0 fs/main.o
 .data          0x0000000000013fd4        0x0 fs/open.o
 .data          0x0000000000013fd4        0x0 fs/misc.o
 .data          0x0000000000013fd4        0x0 fs/read_write.o
 .data          0x0000000000013fd4        0x0 fs/link.o
 .data          0x0000000000013fd4        0x0 fs/disklog.o
 .data          0x0000000000013fd4        0x0 lib/orangescrt.a(printf.o)
 .data          0x0000000000013fd4        0x0 lib/orangescrt.a(vsprintf.o)
 .data          0x0000000000013fd4        0x0 lib/orangescrt.a(misc.o)
 .data          0x0000000000013fd4        0x0 lib/orangescrt.a(open.o)
 .data          0x0000000000013fd4        0x0 lib/orangescrt.a(read.o)
 .data          0x0000000000013fd4        0x0 lib/orangescrt.a(write.o)
 .data          0x0000000000013fd4        0x0 lib/orangescrt.a(close.o)
 .data          0x0000000000013fd4        0x0 lib/orangescrt.a(getpid.o)
 .data          0x0000000000013fd4        0x0 lib/orangescrt.a(stat.o)
 .data          0x0000000000013fd4        0x0 lib/orangescrt.a(fork.o)
 .data          0x0000000000013fd4        0x0 lib/orangescrt.a(wait.o)
 .data          0x0000000000013fd4        0x0 lib/orangescrt.a(exec.o)

.data1
 *(.data1)
                0x0000000000013fd4                _edata = .
                0x0000000000013fd4                PROVIDE (edata, .)
                0x0000000000013fd4                . = .
                0x0000000000013fd4                __bss_start = .

.bss            0x0000000000013fe0    0x2b8b0
 *(.dynbss)
 *(.bss .bss.* .gnu.linkonce.b.*)
 .bss           0x0000000000013fe0      0x800 kernel/kernel.o
 .bss           0x00000000000147e0        0x0 kernel/start.o
 .bss           0x00000000000147e0        0x0 kernel/main.o
 .bss           0x00000000000147e0        0x0 kernel/clock.o
 .bss           0x00000000000147e0       0x58 kernel/keyboard.o
 .bss           0x0000000000014838        0x0 kernel/tty.o
 .bss           0x0000000000014838        0x0 kernel/console.o
 .bss           0x0000000000014838        0x0 kernel/i8259.o
 .bss           0x0000000000014838        0x0 kernel/global.o
 .bss           0x0000000000014838        0x0 kernel/protect.o
 .bss           0x0000000000014838        0x0 kernel/proc.o
 .bss           0x0000000000014838        0x0 kernel/systask.o
 *fill*         0x0000000000014838        0x8 
 .bss           0x0000000000014840      0x64c kernel/hd.o
 .bss           0x0000000000014e8c        0x0 kernel/klib.o
 .bss           0x0000000000014e8c        0x0 lib/syslog.o
 .bss           0x0000000000014e8c        0x0 mm/main.o
 .bss           0x0000000000014e8c        0x0 mm/forkexit.o
 .bss           0x0000000000014e8c        0x0 mm/exec.o
 .bss           0x0000000000014e8c        0x0 fs/main.o
 .bss           0x0000000000014e8c        0x0 fs/open.o
 .bss           0x0000000000014e8c        0x0 fs/misc.o
 .bss           0x0000000000014e8c        0x0 fs/read_write.o
 .bss           0x0000000000014e8c        0x0 fs/link.o
 *fill*         0x0000000000014e8c       0x14 
 .bss           0x0000000000014ea0      0x208 fs/disklog.o
 .bss           0x00000000000150a8        0x0 lib/orangescrt.a(printf.o)
 .bss           0x00000000000150a8        0x0 lib/orangescrt.a(vsprintf.o)
 .bss           0x00000000000150a8        0x0 lib/orangescrt.a(misc.o)
 .bss           0x00000000000150a8        0x0 lib/orangescrt.a(open.o)
 .bss           0x00000000000150a8        0x0 lib/orangescrt.a(read.o)
 .bss           0x00000000000150a8        0x0 lib/orangescrt.a(write.o)
 .bss           0x00000000000150a8        0x0 lib/orangescrt.a(close.o)
 .bss           0x00000000000150a8        0x0 lib/orangescrt.a(getpid.o)
 .bss           0x00000000000150a8        0x0 lib/orangescrt.a(stat.o)
 .bss           0x00000000000150a8        0x0 lib/orangescrt.a(fork.o)
 .bss           0x00000000000150a8        0x0 lib/orangescrt.a(wait.o)
 .bss           0x00000000000150a8        0x0 lib/orangescrt.a(exec.o)
 *(COMMON)
 *fill*         0x00000000000150a8       0x18 
 COMMON         0x00000000000150c0    0x2a7c0 kernel/global.o
                0x00000000000150c0                idt_ptr
                0x00000000000150e0                inode_table
                0x0000000000015be0                task_stack
                0x0000000000039be0                k_reenter
                0x0000000000039c00                gdt
                0x000000000003a000                current_console
                0x000000000003a004                pcaller
                0x000000000003a020                tty_table
                0x000000000003aca0                tss
                0x000000000003ad20                fs_msg
                0x000000000003ad50                memory_size
                0x000000000003ad60                f_desc_table
                0x000000000003b160                root_inode
                0x000000000003b164                disp_pos
                0x000000000003b180                mm_msg
                0x000000000003b1b0                key_pressed
                0x000000000003b1b4                gdt_ptr
                0x000000000003b1c0                idt
                0x000000000003b9c0                super_block
                0x000000000003bba0                ticks
                0x000000000003bbc0                console_table
                0x000000000003bc00                irq_table
                0x000000000003bc40                p_proc_ready
                0x000000000003bc60                proc_table
 COMMON         0x000000000003f880       0x10 kernel/hd.o
                0x000000000003f880                PARTITION_ENTRY
                0x000000000003f890                . = ALIGN ((. != 0x0)?0x4:0x1)
                0x000000000003f890                . = ALIGN (0x4)
                0x000000000003f890                . = SEGMENT_START ("ldata-segment", .)
                0x000000000003f890                . = ALIGN (0x4)
                0x000000000003f890                _end = .
                0x000000000003f890                PROVIDE (end, .)
                0x000000000003f890                . = DATA_SEGMENT_END (.)

.stab
 *(.stab)

.stabstr
 *(.stabstr)

.stab.excl
 *(.stab.excl)

.stab.exclstr
 *(.stab.exclstr)

.stab.index
 *(.stab.index)

.stab.indexstr
 *(.stab.indexstr)

.comment        0x0000000000000000       0x2b
 *(.comment)
 .comment       0x0000000000000000       0x2b kernel/start.o
                                         0x2c (size before relaxing)
 .comment       0x0000000000000000       0x2c kernel/main.o
 .comment       0x0000000000000000       0x2c kernel/clock.o
 .comment       0x0000000000000000       0x2c kernel/keyboard.o
 .comment       0x0000000000000000       0x2c kernel/tty.o
 .comment       0x0000000000000000       0x2c kernel/console.o
 .comment       0x0000000000000000       0x2c kernel/i8259.o
 .comment       0x0000000000000000       0x2c kernel/global.o
 .comment       0x0000000000000000       0x2c kernel/protect.o
 .comment       0x0000000000000000       0x2c kernel/proc.o
 .comment       0x0000000000000000       0x2c kernel/systask.o
 .comment       0x0000000000000000       0x2c kernel/hd.o
 .comment       0x0000000000000000       0x2c kernel/klib.o
 .comment       0x0000000000000000       0x2c lib/syslog.o
 .comment       0x0000000000000000       0x2c mm/main.o
 .comment       0x0000000000000000       0x2c mm/forkexit.o
 .comment       0x0000000000000000       0x2c mm/exec.o
 .comment       0x0000000000000000       0x2c fs/main.o
 .comment       0x0000000000000000       0x2c fs/open.o
 .comment       0x0000000000000000       0x2c fs/misc.o
 .comment       0x0000000000000000       0x2c fs/read_write.o
 .comment       0x0000000000000000       0x2c fs/link.o
 .comment       0x0000000000000000       0x2c fs/disklog.o
 .comment       0x0000000000000000       0x2c lib/orangescrt.a(printf.o)
 .comment       0x0000000000000000       0x2c lib/orangescrt.a(vsprintf.o)
 .comment       0x0000000000000000       0x2c lib/orangescrt.a(misc.o)
 .comment       0x0000000000000000       0x2c lib/orangescrt.a(open.o)
 .comment       0x0000000000000000       0x2c lib/orangescrt.a(read.o)
 .comment       0x0000000000000000       0x2c lib/orangescrt.a(write.o)
 .comment       0x0000000000000000       0x2c lib/orangescrt.a(close.o)
 .comment       0x0000000000000000       0x2c lib/orangescrt.a(getpid.o)
 .comment       0x0000000000000000       0x2c lib/orangescrt.a(stat.o)
 .comment       0x0000000000000000       0x2c lib/orangescrt.a(fork.o)
 .comment       0x0000000000000000       0x2c lib/orangescrt.a(wait.o)
 .comment       0x0000000000000000       0x2c lib/orangescrt.a(exec.o)

.debug
 *(.debug)

.line
 *(.line)

.debug_srcinfo
 *(.debug_srcinfo)

.debug_sfnames
 *(.debug_sfnames)

.debug_aranges
 *(.debug_aranges)

.debug_pubnames
 *(.debug_pubnames)

.debug_info
 *(.debug_info .gnu.linkonce.wi.*)

.debug_abbrev
 *(.debug_abbrev)

.debug_line
 *(.debug_line .debug_line.* .debug_line_end)

.debug_frame
 *(.debug_frame)

.debug_str
 *(.debug_str)

.debug_loc
 *(.debug_loc)

.debug_macinfo
 *(.debug_macinfo)

.debug_weaknames
 *(.debug_weaknames)

.debug_funcnames
 *(.debug_funcnames)

.debug_typenames
 *(.debug_typenames)

.debug_varnames
 *(.debug_varnames)

.debug_pubtypes
 *(.debug_pubtypes)

.debug_ranges
 *(.debug_ranges)

.debug_macro
 *(.debug_macro)

.gnu.attributes
 *(.gnu.attributes)

/DISCARD/
 *(.note.GNU-stack)
 *(.gnu_debuglink)
 *(.gnu.lto_*)
OUTPUT(kernel.bin elf32-i386)
